src/app/(dashboard)/ferramentas/page.tsx(117,25): error TS2769: No overload matches this call.
  Overload 1 of 2, '(props: { className?: string | undefined; }, context?: any): string | number | bigint | boolean | ReactElement<unknown, string | JSXElementConstructor<any>> | ... 4 more ... | undefined', gave the following error.
    Type '{ className: string; style: { filter: string; }; }' is not assignable to type 'IntrinsicAttributes & { className?: string | undefined; }'.
      Property 'style' does not exist on type 'IntrinsicAttributes & { className?: string | undefined; }'.
  Overload 2 of 2, '(props: { className?: string | undefined; }): string | number | bigint | boolean | ReactElement<unknown, string | JSXElementConstructor<any>> | ... 4 more ... | undefined', gave the following error.
    Type '{ className: string; style: { filter: string; }; }' is not assignable to type 'IntrinsicAttributes & { className?: string | undefined; }'.
      Property 'style' does not exist on type 'IntrinsicAttributes & { className?: string | undefined; }'.
src/app/(dashboard)/nichos/page.tsx(74,39): error TS2345: Argument of type 'import("C:/Users/Usuario/Downloads/projeto skaleaki - Copia-20251001T181457Z-1-001 - Copia/projeto skaleaki - Copia/frontend/src/types/nicho").Nicho' is not assignable to parameter of type 'import("C:/Users/Usuario/Downloads/projeto skaleaki - Copia-20251001T181457Z-1-001 - Copia/projeto skaleaki - Copia/frontend/src/context/NichoContext").Nicho'.
  Types of property 'id' are incompatible.
    Type 'string | undefined' is not assignable to type 'string'.
      Type 'undefined' is not assignable to type 'string'.
src/app/(dashboard)/ofertas/page.tsx(117,14): error TS2678: Type '"conversoes"' is not comparable to type '"roi" | "ctr" | "receita" | "date" | "performance"'.
src/app/(dashboard)/page.tsx(115,17): error TS2322: Type '((id: string) => Promise<boolean>) | undefined' is not assignable to type '((ofertaId: string) => void | Promise<void>) | undefined'.
  Type '(id: string) => Promise<boolean>' is not assignable to type '(ofertaId: string) => void | Promise<void>'.
    Type 'Promise<boolean>' is not assignable to type 'void | Promise<void>'.
      Type 'Promise<boolean>' is not assignable to type 'Promise<void>'.
        Type 'boolean' is not assignable to type 'void'.
src/app/(dashboard)/teste-filtros/page.tsx(25,9): error TS2322: Type '{ onFilterChange: (newFilters: any) => void; nichos: { id: string; nome: string; }[]; }' is not assignable to type 'IntrinsicAttributes & OfertasFiltersProps'.
  Property 'onFilterChange' does not exist on type 'IntrinsicAttributes & OfertasFiltersProps'. Did you mean 'onFiltersChange'?
src/components/admin/NichosManager.tsx(103,24): error TS2345: Argument of type 'NichoFormData' is not assignable to parameter of type 'Omit<Nicho, "id" | "createdAt" | "updatedAt">'.
  Type 'NichoFormData' is missing the following properties from type 'Omit<Nicho, "id" | "createdAt" | "updatedAt">': cor, isActive
src/components/admin/NichosManager.tsx(108,47): error TS2345: Argument of type '3500' is not assignable to parameter of type 'ToastType | undefined'.
src/components/admin/NichosManager.tsx(119,48): error TS2345: Argument of type '3500' is not assignable to parameter of type 'ToastType | undefined'.
src/components/admin/OfertasAdmin.tsx(168,28): error TS2345: Argument of type '{ links: string[]; titulo: string; imagem: string; texto: string; nichoId: string; linguagem: string; metricas: string; vsl: string; id: string; nicho?: Nicho; plataforma: "facebook_ads" | "google_ads" | "tiktok_ads" | "instagram_ads" | "linkedin_ads" | "twitter_ads" | "pinterest_ads" | "snapchat_ads"; ... 12 more ....' is not assignable to parameter of type 'Oferta'.
  Types of property 'linguagem' are incompatible.
    Type 'string' is not assignable to type '"pt_BR" | "en_US" | "es_ES" | "fr_FR"'.
src/components/admin/OfertasAdmin.tsx(171,27): error TS2345: Argument of type '{ links: string[]; titulo: string; imagem: string; texto: string; nichoId: string; linguagem: string; metricas: string; vsl: string; }' is not assignable to parameter of type 'Omit<Oferta, "id">'.
  Type '{ links: string[]; titulo: string; imagem: string; texto: string; nichoId: string; linguagem: string; metricas: string; vsl: string; }' is missing the following properties from type 'Omit<Oferta, "id">': status, plataforma, tipoOferta, createdAt, and 2 more.
src/components/admin/OfertasAdmin.tsx(177,48): error TS2345: Argument of type '3500' is not assignable to parameter of type 'ToastType | undefined'.
src/components/admin/OfertasAdmin.tsx(199,49): error TS2345: Argument of type '3500' is not assignable to parameter of type 'ToastType | undefined'.
src/components/admin/OfertasAdmin.tsx(247,35): error TS2339: Property 'data' does not exist on type 'Oferta'.
src/components/admin/OfertasAdmin.tsx(248,35): error TS2339: Property 'data' does not exist on type 'Oferta'.
src/components/admin/OfertasManager.tsx(136,27): error TS2345: Argument of type '{ links: string[]; titulo: string; texto: string; nichoId: string; linguagem: string; metricas: string; vsl: string; imagem: string; }' is not assignable to parameter of type 'Omit<Oferta, "id">'.
  Type '{ links: string[]; titulo: string; texto: string; nichoId: string; linguagem: string; metricas: string; vsl: string; imagem: string; }' is missing the following properties from type 'Omit<Oferta, "id">': status, plataforma, tipoOferta, createdAt, and 2 more.
src/components/admin/OfertasManager.tsx(141,48): error TS2345: Argument of type '3500' is not assignable to parameter of type 'ToastType | undefined'.
src/components/admin/OfertasManager.tsx(160,49): error TS2345: Argument of type '3500' is not assignable to parameter of type 'ToastType | undefined'.
src/components/admin/OfertasManager.tsx(283,27): error TS2339: Property 'data' does not exist on type 'Oferta'.
src/components/admin/OfertasManager.tsx(286,40): error TS2339: Property 'data' does not exist on type 'Oferta'.
src/components/admin/UsersAdmin.tsx(119,52): error TS2345: Argument of type '3500' is not assignable to parameter of type 'ToastType | undefined'.
src/components/admin/UsersAdmin.tsx(144,69): error TS2345: Argument of type '3500' is not assignable to parameter of type 'ToastType | undefined'.
src/components/admin/UsersAdmin.tsx(148,54): error TS2345: Argument of type '3500' is not assignable to parameter of type 'ToastType | undefined'.
src/components/admin/UsersAdmin.tsx(169,65): error TS2345: Argument of type '3500' is not assignable to parameter of type 'ToastType | undefined'.
src/components/admin/UsersAdmin.tsx(173,50): error TS2345: Argument of type '3500' is not assignable to parameter of type 'ToastType | undefined'.
src/components/admin/UsersAdmin.tsx(194,64): error TS2345: Argument of type '3500' is not assignable to parameter of type 'ToastType | undefined'.
src/components/admin/UsersAdmin.tsx(198,49): error TS2345: Argument of type '3500' is not assignable to parameter of type 'ToastType | undefined'.
src/components/admin/UsersAdmin.tsx(217,65): error TS2345: Argument of type '3500' is not assignable to parameter of type 'ToastType | undefined'.
src/components/admin/UsersAdmin.tsx(221,50): error TS2345: Argument of type '3500' is not assignable to parameter of type 'ToastType | undefined'.
src/components/auth/LoginForm.tsx(30,64): error TS2345: Argument of type '3500' is not assignable to parameter of type 'ToastType | undefined'.
src/components/auth/LoginForm.tsx(33,46): error TS2345: Argument of type '3500' is not assignable to parameter of type 'ToastType | undefined'.
src/components/features/ferramentas/GerenciadorMetadados.tsx(30,59): error TS2345: Argument of type '{ iptc: true; ifd0: boolean; ifd1: true; exif: true; gps: true; translateKeys: true; translateValues: true; reviveValues: true; sanitize: true; mergeOutput: true; }' is not assignable to parameter of type 'boolean | Options | Filter | undefined'.
  Types of property 'ifd0' are incompatible.
    Type 'boolean' has no properties in common with type 'FormatOptions'.
src/components/features/ofertas/AnunciosChart.tsx(78,49): error TS7006: Parameter 'd' implicitly has an 'any' type.
src/components/features/ofertas/AnunciosChart.tsx(79,43): error TS7006: Parameter 'sum' implicitly has an 'any' type.
src/components/features/ofertas/AnunciosChart.tsx(79,48): error TS7006: Parameter 'd' implicitly has an 'any' type.
src/components/features/ofertas/AnunciosChart.tsx(201,38): error TS7006: Parameter 'sum' implicitly has an 'any' type.
src/components/features/ofertas/AnunciosChart.tsx(201,43): error TS7006: Parameter 'd' implicitly has an 'any' type.
src/components/features/ofertas/AnunciosChart.tsx(332,67): error TS7006: Parameter 'd' implicitly has an 'any' type.
src/components/features/ofertas/AnunciosChart.tsx(336,51): error TS7006: Parameter 'd' implicitly has an 'any' type.
src/components/features/ofertas/AnunciosChart.tsx(336,54): error TS7006: Parameter 'i' implicitly has an 'any' type.
src/components/features/ofertas/AnunciosChart.tsx(347,81): error TS7006: Parameter 'p' implicitly has an 'any' type.
src/components/features/ofertas/AnunciosChart.tsx(362,67): error TS7006: Parameter 'd' implicitly has an 'any' type.
src/components/features/ofertas/AnunciosChart.tsx(366,51): error TS7006: Parameter 'd' implicitly has an 'any' type.
src/components/features/ofertas/AnunciosChart.tsx(366,54): error TS7006: Parameter 'i' implicitly has an 'any' type.
src/components/features/ofertas/AnunciosChart.tsx(394,35): error TS7006: Parameter 'd' implicitly has an 'any' type.
src/components/features/ofertas/AnunciosChart.tsx(394,38): error TS7006: Parameter 'i' implicitly has an 'any' type.
src/components/features/ofertas/AnunciosChart.tsx(395,67): error TS7006: Parameter 'd' implicitly has an 'any' type.
src/components/features/ofertas/AnunciosChart.tsx(484,64): error TS7006: Parameter 'd' implicitly has an 'any' type.
src/components/features/ofertas/AnunciosChart.tsx(516,49): error TS7006: Parameter 'sum' implicitly has an 'any' type.
src/components/features/ofertas/AnunciosChart.tsx(516,54): error TS7006: Parameter 'd' implicitly has an 'any' type.
src/components/features/ofertas/AnunciosChart.tsx(522,46): error TS7006: Parameter 'd' implicitly has an 'any' type.
src/components/features/ofertas/CriarOfertaRapida.tsx(134,41): error TS2345: Argument of type '{ links: string[]; tipoOferta: "ecommerce"; status: "ativa"; isActive: boolean; titulo: string; texto: string; nichoId: string; plataforma: string; linguagem: string; vsl: string; imagem: string; }' is not assignable to parameter of type 'Omit<Oferta, "id">'.
  Type '{ links: string[]; tipoOferta: "ecommerce"; status: "ativa"; isActive: boolean; titulo: string; texto: string; nichoId: string; plataforma: string; linguagem: string; vsl: string; imagem: string; }' is missing the following properties from type 'Omit<Oferta, "id">': createdAt, updatedAt
src/components/features/ofertas/CriarOfertaRapida.tsx(166,7): error TS2322: Type '{ children: Element; isOpen: boolean; onClose: () => void; title: string; size: string; }' is not assignable to type 'IntrinsicAttributes & ModalProps'.
  Property 'size' does not exist on type 'IntrinsicAttributes & ModalProps'.
src/components/features/ofertas/CriarOfertaRapida.tsx(377,15): error TS2322: Type '{ value: string; onChange: (e: ChangeEvent<HTMLInputElement>) => void; placeholder: string; icon: Element; }' is not assignable to type 'IntrinsicAttributes & InputProps & RefAttributes<HTMLInputElement>'.
  Property 'icon' does not exist on type 'IntrinsicAttributes & InputProps & RefAttributes<HTMLInputElement>'.
src/components/features/ofertas/CriarOfertaRapida.tsx(432,15): error TS2322: Type '{ value: string; onChange: (e: ChangeEvent<HTMLInputElement>) => void; placeholder: string; icon: Element; }' is not assignable to type 'IntrinsicAttributes & InputProps & RefAttributes<HTMLInputElement>'.
  Property 'icon' does not exist on type 'IntrinsicAttributes & InputProps & RefAttributes<HTMLInputElement>'.
src/components/features/ofertas/OfertasList.tsx(163,16): error TS2304: Cannot find name 'ImageParallax'.
src/components/features/ofertas/OfferActions.tsx(164,15): error TS2345: Argument of type '"DOWNLOAD_LANDING"' is not assignable to parameter of type '"FAVORITAR_OFERTA" | "VISUALIZAR_OFERTA" | "EXPLORAR_NICHO" | "LOGIN_DIARIO" | "COMPLETAR_PERFIL" | "PRIMEIRO_FAVORITO" | "VISUALIZAR_REEL" | "FAVORITAR_REEL" | "PRIMEIRO_REEL"'.
src/components/features/ofertas/OfferHero.tsx(23,27): error TS2322: Type '"gray"' is not assignable to type 'BadgeColor | undefined'.
src/components/features/ofertas/OfferHero.tsx(85,34): error TS2322: Type '"gray"' is not assignable to type 'BadgeColor | undefined'.
src/components/features/reels/ParticleSystem.tsx(33,29): error TS2554: Expected 1 arguments, but got 0.
src/components/ui/TestComponents.tsx(15,19): error TS2322: Type '"default"' is not assignable to type 'ButtonVariant | undefined'.
src/components/ui/TestComponents.tsx(17,19): error TS2322: Type '"default"' is not assignable to type 'ButtonVariant | undefined'.
src/context/SettingsContext.tsx(135,17): error TS2339: Property 'language' does not exist on type 'Settings'.
